---
source: boltffi_bindgen/src/render/dart/templates.rs
expression: template.render().unwrap()
---
@$$ffi.Native<
  $$ffi.Void Function($$ffi.Pointer<$$ffi.Void>)
>(symbol: 'boltffi_person_free')
external void _f$boltffi_person_free($$ffi.Pointer<$$ffi.Void> handle);

@$$ffi.Native<
  $$ffi.Pointer<$$ffi.Void> Function($$ffi.Pointer<$$ffi.Uint8>, $$ffi.UintPtr, $$ffi.Uint32)
>(symbol: 'boltffi_person_new')
external $$ffi.Pointer<$$ffi.Void> _f$boltffi_person_new($$ffi.Pointer<$$ffi.Uint8> namePtr, int nameLen, int age);

@$$ffi.Native<
  $$ffi.Pointer<$$ffi.Void> Function($$ffi.Pointer<$$ffi.Uint8>, $$ffi.UintPtr)
>(symbol: 'boltffi_person_new_with_default_age')
external $$ffi.Pointer<$$ffi.Void> _f$boltffi_person_new_with_default_age($$ffi.Pointer<$$ffi.Uint8> namePtr, int nameLen);

@$$ffi.Native<
  _$$BoltFFIBuf Function($$ffi.Pointer<$$ffi.Void>)
>(symbol: 'boltffi_person_get_name')
external _$$BoltFFIBuf _f$boltffi_person_get_name($$ffi.Pointer<$$ffi.Void> self);

@$$ffi.Native<
  _$$BoltFFIBuf Function()
>(symbol: 'boltffi_person_get_default_name')
external _$$BoltFFIBuf _f$boltffi_person_get_default_name();

@$$ffi.Native<
  $$ffi.Pointer<$$ffi.Void> Function($$ffi.Pointer<$$ffi.Void>)
>(symbol: 'boltffi_person_temperature_event_async', isLeaf: true)
external $$ffi.Pointer<$$ffi.Void> _f$boltffi_person_temperature_event_async($$ffi.Pointer<$$ffi.Void> handle);

@$$ffi.Native<
  $$ffi.Void Function($$ffi.Pointer<$$ffi.Void>, $$ffi.Uint64, $$ffi.Pointer<$$ffi.NativeFunction<$$ffi.Void Function($$ffi.Uint64, $$ffi.Int8)>>)
>(symbol: 'boltffi_person_temperature_event_async_poll')
external void _f$boltffi_person_temperature_event_async_poll($$ffi.Pointer<$$ffi.Void> handle, int callback_data, $$ffi.Pointer<$$ffi.NativeFunction<$$ffi.Void Function($$ffi.Uint64, $$ffi.Int8)>> callback);

@$$ffi.Native<
  $$ffi.UintPtr Function($$ffi.Pointer<$$ffi.Void>, $$ffi.Pointer<$$ffi.Float>, $$ffi.UintPtr)
>(symbol: 'boltffi_person_temperature_event_async_pop_batch', isLeaf: true)
external int _f$boltffi_person_temperature_event_async_pop_batch($$ffi.Pointer<$$ffi.Void> handle, $$ffi.Pointer<$$ffi.Float> output_ptr, int output_capacity);

@$$ffi.Native<
  $$ffi.Int32 Function($$ffi.Pointer<$$ffi.Void>, $$ffi.Uint32)
>(symbol: 'boltffi_person_temperature_event_async_wait', isLeaf: true)
external int _f$boltffi_person_temperature_event_async_wait($$ffi.Pointer<$$ffi.Void> handle, int timeout_milliseconds);

@$$ffi.Native<
  $$ffi.Void Function($$ffi.Pointer<$$ffi.Void>)
>(symbol: 'boltffi_person_temperature_event_async_unsubscribe')
external void _f$boltffi_person_temperature_event_async_unsubscribe($$ffi.Pointer<$$ffi.Void> handle);

@$$ffi.Native<
  $$ffi.Void Function($$ffi.Pointer<$$ffi.Void>)
>(symbol: 'boltffi_person_temperature_event_async_free')
external void _f$boltffi_person_temperature_event_async_free($$ffi.Pointer<$$ffi.Void> handle);

@$$ffi.Native<
  $$ffi.Pointer<$$ffi.Void> Function($$ffi.Pointer<$$ffi.Void>)
>(symbol: 'boltffi_person_temperature_event_batch', isLeaf: true)
external $$ffi.Pointer<$$ffi.Void> _f$boltffi_person_temperature_event_batch($$ffi.Pointer<$$ffi.Void> handle);

@$$ffi.Native<
  $$ffi.Void Function($$ffi.Pointer<$$ffi.Void>, $$ffi.Uint64, $$ffi.Pointer<$$ffi.NativeFunction<$$ffi.Void Function($$ffi.Uint64, $$ffi.Int8)>>)
>(symbol: 'boltffi_person_temperature_event_batch_poll')
external void _f$boltffi_person_temperature_event_batch_poll($$ffi.Pointer<$$ffi.Void> handle, int callback_data, $$ffi.Pointer<$$ffi.NativeFunction<$$ffi.Void Function($$ffi.Uint64, $$ffi.Int8)>> callback);

@$$ffi.Native<
  $$ffi.UintPtr Function($$ffi.Pointer<$$ffi.Void>, $$ffi.Pointer<$$ffi.Float>, $$ffi.UintPtr)
>(symbol: 'boltffi_person_temperature_event_batch_pop_batch', isLeaf: true)
external int _f$boltffi_person_temperature_event_batch_pop_batch($$ffi.Pointer<$$ffi.Void> handle, $$ffi.Pointer<$$ffi.Float> output_ptr, int output_capacity);

@$$ffi.Native<
  $$ffi.Int32 Function($$ffi.Pointer<$$ffi.Void>, $$ffi.Uint32)
>(symbol: 'boltffi_person_temperature_event_batch_wait', isLeaf: true)
external int _f$boltffi_person_temperature_event_batch_wait($$ffi.Pointer<$$ffi.Void> handle, int timeout_milliseconds);

@$$ffi.Native<
  $$ffi.Void Function($$ffi.Pointer<$$ffi.Void>)
>(symbol: 'boltffi_person_temperature_event_batch_unsubscribe')
external void _f$boltffi_person_temperature_event_batch_unsubscribe($$ffi.Pointer<$$ffi.Void> handle);

@$$ffi.Native<
  $$ffi.Void Function($$ffi.Pointer<$$ffi.Void>)
>(symbol: 'boltffi_person_temperature_event_batch_free')
external void _f$boltffi_person_temperature_event_batch_free($$ffi.Pointer<$$ffi.Void> handle);

@$$ffi.Native<
  $$ffi.Pointer<$$ffi.Void> Function($$ffi.Pointer<$$ffi.Void>)
>(symbol: 'boltffi_person_temperature_event_callback', isLeaf: true)
external $$ffi.Pointer<$$ffi.Void> _f$boltffi_person_temperature_event_callback($$ffi.Pointer<$$ffi.Void> handle);

@$$ffi.Native<
  $$ffi.Void Function($$ffi.Pointer<$$ffi.Void>, $$ffi.Uint64, $$ffi.Pointer<$$ffi.NativeFunction<$$ffi.Void Function($$ffi.Uint64, $$ffi.Int8)>>)
>(symbol: 'boltffi_person_temperature_event_callback_poll')
external void _f$boltffi_person_temperature_event_callback_poll($$ffi.Pointer<$$ffi.Void> handle, int callback_data, $$ffi.Pointer<$$ffi.NativeFunction<$$ffi.Void Function($$ffi.Uint64, $$ffi.Int8)>> callback);

@$$ffi.Native<
  $$ffi.UintPtr Function($$ffi.Pointer<$$ffi.Void>, $$ffi.Pointer<$$ffi.Float>, $$ffi.UintPtr)
>(symbol: 'boltffi_person_temperature_event_callback_pop_batch', isLeaf: true)
external int _f$boltffi_person_temperature_event_callback_pop_batch($$ffi.Pointer<$$ffi.Void> handle, $$ffi.Pointer<$$ffi.Float> output_ptr, int output_capacity);

@$$ffi.Native<
  $$ffi.Int32 Function($$ffi.Pointer<$$ffi.Void>, $$ffi.Uint32)
>(symbol: 'boltffi_person_temperature_event_callback_wait', isLeaf: true)
external int _f$boltffi_person_temperature_event_callback_wait($$ffi.Pointer<$$ffi.Void> handle, int timeout_milliseconds);

@$$ffi.Native<
  $$ffi.Void Function($$ffi.Pointer<$$ffi.Void>)
>(symbol: 'boltffi_person_temperature_event_callback_unsubscribe')
external void _f$boltffi_person_temperature_event_callback_unsubscribe($$ffi.Pointer<$$ffi.Void> handle);

@$$ffi.Native<
  $$ffi.Void Function($$ffi.Pointer<$$ffi.Void>)
>(symbol: 'boltffi_person_temperature_event_callback_free')
external void _f$boltffi_person_temperature_event_callback_free($$ffi.Pointer<$$ffi.Void> handle);

@$$ffi.Native<
  $$ffi.Pointer<$$ffi.Void> Function($$ffi.Pointer<$$ffi.Void>)
>(symbol: 'boltffi_person_names_event_async', isLeaf: true)
external $$ffi.Pointer<$$ffi.Void> _f$boltffi_person_names_event_async($$ffi.Pointer<$$ffi.Void> handle);

@$$ffi.Native<
  $$ffi.Void Function($$ffi.Pointer<$$ffi.Void>, $$ffi.Uint64, $$ffi.Pointer<$$ffi.NativeFunction<$$ffi.Void Function($$ffi.Uint64, $$ffi.Int8)>>)
>(symbol: 'boltffi_person_names_event_async_poll')
external void _f$boltffi_person_names_event_async_poll($$ffi.Pointer<$$ffi.Void> handle, int callback_data, $$ffi.Pointer<$$ffi.NativeFunction<$$ffi.Void Function($$ffi.Uint64, $$ffi.Int8)>> callback);

@$$ffi.Native<
  _$$BoltFFIBuf Function($$ffi.Pointer<$$ffi.Void>, $$ffi.UintPtr)
>(symbol: 'boltffi_person_names_event_async_pop_batch', isLeaf: true)
external _$$BoltFFIBuf _f$boltffi_person_names_event_async_pop_batch($$ffi.Pointer<$$ffi.Void> handle, int max_count);

@$$ffi.Native<
  $$ffi.Int32 Function($$ffi.Pointer<$$ffi.Void>, $$ffi.Uint32)
>(symbol: 'boltffi_person_names_event_async_wait', isLeaf: true)
external int _f$boltffi_person_names_event_async_wait($$ffi.Pointer<$$ffi.Void> handle, int timeout_milliseconds);

@$$ffi.Native<
  $$ffi.Void Function($$ffi.Pointer<$$ffi.Void>)
>(symbol: 'boltffi_person_names_event_async_unsubscribe')
external void _f$boltffi_person_names_event_async_unsubscribe($$ffi.Pointer<$$ffi.Void> handle);

@$$ffi.Native<
  $$ffi.Void Function($$ffi.Pointer<$$ffi.Void>)
>(symbol: 'boltffi_person_names_event_async_free')
external void _f$boltffi_person_names_event_async_free($$ffi.Pointer<$$ffi.Void> handle);

@$$ffi.Native<
  $$ffi.Pointer<$$ffi.Void> Function($$ffi.Pointer<$$ffi.Void>)
>(symbol: 'boltffi_person_names_event_batch', isLeaf: true)
external $$ffi.Pointer<$$ffi.Void> _f$boltffi_person_names_event_batch($$ffi.Pointer<$$ffi.Void> handle);

@$$ffi.Native<
  $$ffi.Void Function($$ffi.Pointer<$$ffi.Void>, $$ffi.Uint64, $$ffi.Pointer<$$ffi.NativeFunction<$$ffi.Void Function($$ffi.Uint64, $$ffi.Int8)>>)
>(symbol: 'boltffi_person_names_event_batch_poll')
external void _f$boltffi_person_names_event_batch_poll($$ffi.Pointer<$$ffi.Void> handle, int callback_data, $$ffi.Pointer<$$ffi.NativeFunction<$$ffi.Void Function($$ffi.Uint64, $$ffi.Int8)>> callback);

@$$ffi.Native<
  _$$BoltFFIBuf Function($$ffi.Pointer<$$ffi.Void>, $$ffi.UintPtr)
>(symbol: 'boltffi_person_names_event_batch_pop_batch', isLeaf: true)
external _$$BoltFFIBuf _f$boltffi_person_names_event_batch_pop_batch($$ffi.Pointer<$$ffi.Void> handle, int max_count);

@$$ffi.Native<
  $$ffi.Int32 Function($$ffi.Pointer<$$ffi.Void>, $$ffi.Uint32)
>(symbol: 'boltffi_person_names_event_batch_wait', isLeaf: true)
external int _f$boltffi_person_names_event_batch_wait($$ffi.Pointer<$$ffi.Void> handle, int timeout_milliseconds);

@$$ffi.Native<
  $$ffi.Void Function($$ffi.Pointer<$$ffi.Void>)
>(symbol: 'boltffi_person_names_event_batch_unsubscribe')
external void _f$boltffi_person_names_event_batch_unsubscribe($$ffi.Pointer<$$ffi.Void> handle);

@$$ffi.Native<
  $$ffi.Void Function($$ffi.Pointer<$$ffi.Void>)
>(symbol: 'boltffi_person_names_event_batch_free')
external void _f$boltffi_person_names_event_batch_free($$ffi.Pointer<$$ffi.Void> handle);

@$$ffi.Native<
  $$ffi.Pointer<$$ffi.Void> Function($$ffi.Pointer<$$ffi.Void>)
>(symbol: 'boltffi_person_names_event_callback', isLeaf: true)
external $$ffi.Pointer<$$ffi.Void> _f$boltffi_person_names_event_callback($$ffi.Pointer<$$ffi.Void> handle);

@$$ffi.Native<
  $$ffi.Void Function($$ffi.Pointer<$$ffi.Void>, $$ffi.Uint64, $$ffi.Pointer<$$ffi.NativeFunction<$$ffi.Void Function($$ffi.Uint64, $$ffi.Int8)>>)
>(symbol: 'boltffi_person_names_event_callback_poll')
external void _f$boltffi_person_names_event_callback_poll($$ffi.Pointer<$$ffi.Void> handle, int callback_data, $$ffi.Pointer<$$ffi.NativeFunction<$$ffi.Void Function($$ffi.Uint64, $$ffi.Int8)>> callback);

@$$ffi.Native<
  _$$BoltFFIBuf Function($$ffi.Pointer<$$ffi.Void>, $$ffi.UintPtr)
>(symbol: 'boltffi_person_names_event_callback_pop_batch', isLeaf: true)
external _$$BoltFFIBuf _f$boltffi_person_names_event_callback_pop_batch($$ffi.Pointer<$$ffi.Void> handle, int max_count);

@$$ffi.Native<
  $$ffi.Int32 Function($$ffi.Pointer<$$ffi.Void>, $$ffi.Uint32)
>(symbol: 'boltffi_person_names_event_callback_wait', isLeaf: true)
external int _f$boltffi_person_names_event_callback_wait($$ffi.Pointer<$$ffi.Void> handle, int timeout_milliseconds);

@$$ffi.Native<
  $$ffi.Void Function($$ffi.Pointer<$$ffi.Void>)
>(symbol: 'boltffi_person_names_event_callback_unsubscribe')
external void _f$boltffi_person_names_event_callback_unsubscribe($$ffi.Pointer<$$ffi.Void> handle);

@$$ffi.Native<
  $$ffi.Void Function($$ffi.Pointer<$$ffi.Void>)
>(symbol: 'boltffi_person_names_event_callback_free')
external void _f$boltffi_person_names_event_callback_free($$ffi.Pointer<$$ffi.Void> handle);

@$$ffi.Native<
  $$ffi.Pointer<$$ffi.Void> Function($$ffi.Pointer<$$ffi.Void>)
>(symbol: 'boltffi_person_status_event_async', isLeaf: true)
external $$ffi.Pointer<$$ffi.Void> _f$boltffi_person_status_event_async($$ffi.Pointer<$$ffi.Void> handle);

@$$ffi.Native<
  $$ffi.Void Function($$ffi.Pointer<$$ffi.Void>, $$ffi.Uint64, $$ffi.Pointer<$$ffi.NativeFunction<$$ffi.Void Function($$ffi.Uint64, $$ffi.Int8)>>)
>(symbol: 'boltffi_person_status_event_async_poll')
external void _f$boltffi_person_status_event_async_poll($$ffi.Pointer<$$ffi.Void> handle, int callback_data, $$ffi.Pointer<$$ffi.NativeFunction<$$ffi.Void Function($$ffi.Uint64, $$ffi.Int8)>> callback);

@$$ffi.Native<
  $$ffi.UintPtr Function($$ffi.Pointer<$$ffi.Void>, $$ffi.Pointer<$$ffi.Int32>, $$ffi.UintPtr)
>(symbol: 'boltffi_person_status_event_async_pop_batch', isLeaf: true)
external int _f$boltffi_person_status_event_async_pop_batch($$ffi.Pointer<$$ffi.Void> handle, $$ffi.Pointer<$$ffi.Int32> output_ptr, int output_capacity);

@$$ffi.Native<
  $$ffi.Int32 Function($$ffi.Pointer<$$ffi.Void>, $$ffi.Uint32)
>(symbol: 'boltffi_person_status_event_async_wait', isLeaf: true)
external int _f$boltffi_person_status_event_async_wait($$ffi.Pointer<$$ffi.Void> handle, int timeout_milliseconds);

@$$ffi.Native<
  $$ffi.Void Function($$ffi.Pointer<$$ffi.Void>)
>(symbol: 'boltffi_person_status_event_async_unsubscribe')
external void _f$boltffi_person_status_event_async_unsubscribe($$ffi.Pointer<$$ffi.Void> handle);

@$$ffi.Native<
  $$ffi.Void Function($$ffi.Pointer<$$ffi.Void>)
>(symbol: 'boltffi_person_status_event_async_free')
external void _f$boltffi_person_status_event_async_free($$ffi.Pointer<$$ffi.Void> handle);

@$$ffi.Native<
  $$ffi.Pointer<$$ffi.Void> Function($$ffi.Pointer<$$ffi.Void>)
>(symbol: 'boltffi_person_status_event_batch', isLeaf: true)
external $$ffi.Pointer<$$ffi.Void> _f$boltffi_person_status_event_batch($$ffi.Pointer<$$ffi.Void> handle);

@$$ffi.Native<
  $$ffi.Void Function($$ffi.Pointer<$$ffi.Void>, $$ffi.Uint64, $$ffi.Pointer<$$ffi.NativeFunction<$$ffi.Void Function($$ffi.Uint64, $$ffi.Int8)>>)
>(symbol: 'boltffi_person_status_event_batch_poll')
external void _f$boltffi_person_status_event_batch_poll($$ffi.Pointer<$$ffi.Void> handle, int callback_data, $$ffi.Pointer<$$ffi.NativeFunction<$$ffi.Void Function($$ffi.Uint64, $$ffi.Int8)>> callback);

@$$ffi.Native<
  $$ffi.UintPtr Function($$ffi.Pointer<$$ffi.Void>, $$ffi.Pointer<$$ffi.Int32>, $$ffi.UintPtr)
>(symbol: 'boltffi_person_status_event_batch_pop_batch', isLeaf: true)
external int _f$boltffi_person_status_event_batch_pop_batch($$ffi.Pointer<$$ffi.Void> handle, $$ffi.Pointer<$$ffi.Int32> output_ptr, int output_capacity);

@$$ffi.Native<
  $$ffi.Int32 Function($$ffi.Pointer<$$ffi.Void>, $$ffi.Uint32)
>(symbol: 'boltffi_person_status_event_batch_wait', isLeaf: true)
external int _f$boltffi_person_status_event_batch_wait($$ffi.Pointer<$$ffi.Void> handle, int timeout_milliseconds);

@$$ffi.Native<
  $$ffi.Void Function($$ffi.Pointer<$$ffi.Void>)
>(symbol: 'boltffi_person_status_event_batch_unsubscribe')
external void _f$boltffi_person_status_event_batch_unsubscribe($$ffi.Pointer<$$ffi.Void> handle);

@$$ffi.Native<
  $$ffi.Void Function($$ffi.Pointer<$$ffi.Void>)
>(symbol: 'boltffi_person_status_event_batch_free')
external void _f$boltffi_person_status_event_batch_free($$ffi.Pointer<$$ffi.Void> handle);

@$$ffi.Native<
  $$ffi.Pointer<$$ffi.Void> Function($$ffi.Pointer<$$ffi.Void>)
>(symbol: 'boltffi_person_status_event_callback', isLeaf: true)
external $$ffi.Pointer<$$ffi.Void> _f$boltffi_person_status_event_callback($$ffi.Pointer<$$ffi.Void> handle);

@$$ffi.Native<
  $$ffi.Void Function($$ffi.Pointer<$$ffi.Void>, $$ffi.Uint64, $$ffi.Pointer<$$ffi.NativeFunction<$$ffi.Void Function($$ffi.Uint64, $$ffi.Int8)>>)
>(symbol: 'boltffi_person_status_event_callback_poll')
external void _f$boltffi_person_status_event_callback_poll($$ffi.Pointer<$$ffi.Void> handle, int callback_data, $$ffi.Pointer<$$ffi.NativeFunction<$$ffi.Void Function($$ffi.Uint64, $$ffi.Int8)>> callback);

@$$ffi.Native<
  $$ffi.UintPtr Function($$ffi.Pointer<$$ffi.Void>, $$ffi.Pointer<$$ffi.Int32>, $$ffi.UintPtr)
>(symbol: 'boltffi_person_status_event_callback_pop_batch', isLeaf: true)
external int _f$boltffi_person_status_event_callback_pop_batch($$ffi.Pointer<$$ffi.Void> handle, $$ffi.Pointer<$$ffi.Int32> output_ptr, int output_capacity);

@$$ffi.Native<
  $$ffi.Int32 Function($$ffi.Pointer<$$ffi.Void>, $$ffi.Uint32)
>(symbol: 'boltffi_person_status_event_callback_wait', isLeaf: true)
external int _f$boltffi_person_status_event_callback_wait($$ffi.Pointer<$$ffi.Void> handle, int timeout_milliseconds);

@$$ffi.Native<
  $$ffi.Void Function($$ffi.Pointer<$$ffi.Void>)
>(symbol: 'boltffi_person_status_event_callback_unsubscribe')
external void _f$boltffi_person_status_event_callback_unsubscribe($$ffi.Pointer<$$ffi.Void> handle);

@$$ffi.Native<
  $$ffi.Void Function($$ffi.Pointer<$$ffi.Void>)
>(symbol: 'boltffi_person_status_event_callback_free')
external void _f$boltffi_person_status_event_callback_free($$ffi.Pointer<$$ffi.Void> handle);

/// Generic `Person` Class
final class Person {
  static final _finalizer = Finalizer<$$ffi.Pointer<$$ffi.Void>>((_p$ptr) {
    _f$boltffi_person_free(_p$ptr);
  });

  $$ffi.Pointer<$$ffi.Void> _handle;

  Person._(this._handle) {
    _finalizer.attach(this, _handle, detach: this);
  }

  void dispose$() {
    _finalizer.detach(this);
    _f$boltffi_person_free(_handle);
    _handle = $$ffi.nullptr;
  }

  void _f$throwIfDisposed() {
    if (_handle == $$ffi.nullptr) {
      throw $$BoltException("Object has been disposed");
    }
  }

  factory Person(String name, int age) {
    final l$nameBytes = $$convert.utf8.encode(name);
    final l$nameStorage = _$$BoltStoragePool.acquireStorage(l$nameBytes.lengthInBytes);
    final l$nameWriter = _$$BoltBufWriter.fromSpan(l$nameStorage.ptr, l$nameStorage.len);
    l$nameWriter.writeBytes(l$nameBytes, 0);
    final _l$res = _f$boltffi_person_new(l$nameStorage.ptr, l$nameBytes.lengthInBytes, age);
    _$$BoltStoragePool.releaseStorage(l$nameStorage);
    return Person._(_l$res);
  }

  static Person newWithDefaultAge(String name) {
    final l$nameBytes = $$convert.utf8.encode(name);
    final l$nameStorage = _$$BoltStoragePool.acquireStorage(l$nameBytes.lengthInBytes);
    final l$nameWriter = _$$BoltBufWriter.fromSpan(l$nameStorage.ptr, l$nameStorage.len);
    l$nameWriter.writeBytes(l$nameBytes, 0);
    final _l$res = _f$boltffi_person_new_with_default_age(l$nameStorage.ptr, l$nameBytes.lengthInBytes);
    _$$BoltStoragePool.releaseStorage(l$nameStorage);
    return Person._(_l$res);
  }

  /// Person.getName(...)
  String getName() {
    _f$throwIfDisposed();
    final _l$resBuf = _f$boltffi_person_get_name(_handle);
    final _l$resWire = _$$BoltWireDecoder(_$$BoltBufReader.fromSpan(_l$resBuf.ptr, _l$resBuf.len));
    final _l$res = _l$resWire.readString();
    _f$boltffi_free_buf(_l$resBuf);
    return _l$res;
  }

  static String getDefaultName() {
    final _l$resBuf = _f$boltffi_person_get_default_name();
    final _l$resWire = _$$BoltWireDecoder(_$$BoltBufReader.fromSpan(_l$resBuf.ptr, _l$resBuf.len));
    final _l$res = _l$resWire.readString();
    _f$boltffi_free_buf(_l$resBuf);
    return _l$res;
  }


  Stream<double> temperatureEventAsync() {
    final ctx = _$$BoltStreamCtx(
      subscribe: () => _f$boltffi_person_temperature_event_async(_handle),
      pollFn: _f$boltffi_person_temperature_event_async_poll,
      waitFn: _f$boltffi_person_temperature_event_async_wait,
      unsubscribeFn: _f$boltffi_person_temperature_event_async_unsubscribe,
      freeFn: _f$boltffi_person_temperature_event_async_free,
      itemSize: 4

    );

    return ctx.stream((handle, batchSize, itemSize, controller) {
      final l$buf = $$typed_data.Uint8List(batchSize * itemSize!);
      final l$count = _f$boltffi_person_temperature_event_async_pop_batch(handle, l$buf.address.cast(), batchSize);
      if (l$count == 0) {
        return;
      }
      final l$bufReader = _$$BoltBufReader(l$buf);
      controller.addStream(Stream.fromIterable(l$bufReader.readFloat32List(l$count * itemSize, 0)));
    });
  }


  $$BoltStreamPopBatchHandle<double> temperatureEventBatch() {
    final ctx = _$$BoltStreamCtx(
      subscribe: () => _f$boltffi_person_temperature_event_batch(_handle),
      pollFn: _f$boltffi_person_temperature_event_batch_poll,
      waitFn: _f$boltffi_person_temperature_event_batch_wait,
      unsubscribeFn: _f$boltffi_person_temperature_event_batch_unsubscribe,
      freeFn: _f$boltffi_person_temperature_event_batch_free,
      itemSize: 4

    );

    return ctx.batch((handle, batchSize, itemSize) {
      final l$buf = $$typed_data.Uint8List(batchSize * itemSize!);
      final l$count = _f$boltffi_person_temperature_event_batch_pop_batch(handle, l$buf.address.cast(), batchSize);
      if (l$count == 0) {
        return [];
      }
      final l$bufReader = _$$BoltBufReader(l$buf);
      return l$bufReader.readFloat32List(l$count * itemSize, 0);
    });
  }


  $$async.StreamSubscription<double> temperatureEventCallback(void Function(double) cb) {
    final ctx = _$$BoltStreamCtx(
      subscribe: () => _f$boltffi_person_temperature_event_callback(_handle),
      pollFn: _f$boltffi_person_temperature_event_callback_poll,
      waitFn: _f$boltffi_person_temperature_event_callback_wait,
      unsubscribeFn: _f$boltffi_person_temperature_event_callback_unsubscribe,
      freeFn: _f$boltffi_person_temperature_event_callback_free,
      itemSize: 4

    );

    final Stream<double> stream = ctx.stream((handle, batchSize, itemSize, controller) {
      final l$buf = $$typed_data.Uint8List(batchSize * itemSize!);
      final l$count = _f$boltffi_person_temperature_event_callback_pop_batch(handle, l$buf.address.cast(), batchSize);
      if (l$count == 0) {
        return;
      }
      final l$bufReader = _$$BoltBufReader(l$buf);
      controller.addStream(Stream.fromIterable(l$bufReader.readFloat32List(l$count * itemSize, 0)));
    });

    return stream.listen(cb);
  }


  /// GetTemperature stream
  Stream<String> namesEventAsync() {
    final ctx = _$$BoltStreamCtx(
      subscribe: () => _f$boltffi_person_names_event_async(_handle),
      pollFn: _f$boltffi_person_names_event_async_poll,
      waitFn: _f$boltffi_person_names_event_async_wait,
      unsubscribeFn: _f$boltffi_person_names_event_async_unsubscribe,
      freeFn: _f$boltffi_person_names_event_async_free,
    );

    return ctx.stream((handle, batchSize, itemSize, controller) {
      final l$buf = _f$boltffi_person_names_event_async_pop_batch(handle, batchSize);
      if (l$buf.len == 0) {
        return;
      }
      final l$bufWire = _$$BoltWireDecoder(_$$BoltBufReader.fromSpan(l$buf.ptr, l$buf.len));
      controller.addStream(Stream.fromIterable(l$bufWire.readList((l$bufWire) => l$bufWire.readString())));
      _f$boltffi_free_buf(l$buf);
    });
  }


  /// GetTemperature stream
  $$BoltStreamPopBatchHandle<String> namesEventBatch() {
    final ctx = _$$BoltStreamCtx(
      subscribe: () => _f$boltffi_person_names_event_batch(_handle),
      pollFn: _f$boltffi_person_names_event_batch_poll,
      waitFn: _f$boltffi_person_names_event_batch_wait,
      unsubscribeFn: _f$boltffi_person_names_event_batch_unsubscribe,
      freeFn: _f$boltffi_person_names_event_batch_free,
    );

    return ctx.batch((handle, batchSize, itemSize) {
      final l$buf = _f$boltffi_person_names_event_batch_pop_batch(handle, batchSize);
      if (l$buf.len == 0) {
        return [];
      }
      final l$bufWire = _$$BoltWireDecoder(_$$BoltBufReader.fromSpan(l$buf.ptr, l$buf.len));
      final l$items = l$bufWire.readList((l$bufWire) => l$bufWire.readString());
      _f$boltffi_free_buf(l$buf);
      return l$items;
    });
  }


  /// GetTemperature stream
  $$async.StreamSubscription<String> namesEventCallback(void Function(String) cb) {
    final ctx = _$$BoltStreamCtx(
      subscribe: () => _f$boltffi_person_names_event_callback(_handle),
      pollFn: _f$boltffi_person_names_event_callback_poll,
      waitFn: _f$boltffi_person_names_event_callback_wait,
      unsubscribeFn: _f$boltffi_person_names_event_callback_unsubscribe,
      freeFn: _f$boltffi_person_names_event_callback_free,
    );

    final Stream<String> stream = ctx.stream((handle, batchSize, itemSize, controller) {
      final l$buf = _f$boltffi_person_names_event_callback_pop_batch(handle, batchSize);
      if (l$buf.len == 0) {
        return;
      }
      final l$bufWire = _$$BoltWireDecoder(_$$BoltBufReader.fromSpan(l$buf.ptr, l$buf.len));
      controller.addStream(Stream.fromIterable(l$bufWire.readList((l$bufWire) => l$bufWire.readString())));
      _f$boltffi_free_buf(l$buf);
    });

    return stream.listen(cb);
  }


  Stream<Status> statusEventAsync() {
    final ctx = _$$BoltStreamCtx(
      subscribe: () => _f$boltffi_person_status_event_async(_handle),
      pollFn: _f$boltffi_person_status_event_async_poll,
      waitFn: _f$boltffi_person_status_event_async_wait,
      unsubscribeFn: _f$boltffi_person_status_event_async_unsubscribe,
      freeFn: _f$boltffi_person_status_event_async_free,
      itemSize: 4

    );

    return ctx.stream((handle, batchSize, itemSize, controller) {
      final l$buf = $$typed_data.Uint8List(batchSize * itemSize!);
      final l$count = _f$boltffi_person_status_event_async_pop_batch(handle, l$buf.address.cast(), batchSize);
      if (l$count == 0) {
        return;
      }
      final l$bufReader = _$$BoltBufReader(l$buf);
      controller.addStream(Stream.fromIterable(l$bufReader.readInt32List(l$count * itemSize, 0).map(Status._m$fromDiscriminant)));
    });
  }


  $$BoltStreamPopBatchHandle<Status> statusEventBatch() {
    final ctx = _$$BoltStreamCtx(
      subscribe: () => _f$boltffi_person_status_event_batch(_handle),
      pollFn: _f$boltffi_person_status_event_batch_poll,
      waitFn: _f$boltffi_person_status_event_batch_wait,
      unsubscribeFn: _f$boltffi_person_status_event_batch_unsubscribe,
      freeFn: _f$boltffi_person_status_event_batch_free,
      itemSize: 4

    );

    return ctx.batch((handle, batchSize, itemSize) {
      final l$buf = $$typed_data.Uint8List(batchSize * itemSize!);
      final l$count = _f$boltffi_person_status_event_batch_pop_batch(handle, l$buf.address.cast(), batchSize);
      if (l$count == 0) {
        return [];
      }
      final l$bufReader = _$$BoltBufReader(l$buf);
      return l$bufReader.readInt32List(l$count * itemSize, 0).map(Status._m$fromDiscriminant);
    });
  }


  $$async.StreamSubscription<Status> statusEventCallback(void Function(Status) cb) {
    final ctx = _$$BoltStreamCtx(
      subscribe: () => _f$boltffi_person_status_event_callback(_handle),
      pollFn: _f$boltffi_person_status_event_callback_poll,
      waitFn: _f$boltffi_person_status_event_callback_wait,
      unsubscribeFn: _f$boltffi_person_status_event_callback_unsubscribe,
      freeFn: _f$boltffi_person_status_event_callback_free,
      itemSize: 4

    );

    final Stream<Status> stream = ctx.stream((handle, batchSize, itemSize, controller) {
      final l$buf = $$typed_data.Uint8List(batchSize * itemSize!);
      final l$count = _f$boltffi_person_status_event_callback_pop_batch(handle, l$buf.address.cast(), batchSize);
      if (l$count == 0) {
        return;
      }
      final l$bufReader = _$$BoltBufReader(l$buf);
      controller.addStream(Stream.fromIterable(l$bufReader.readInt32List(l$count * itemSize, 0).map(Status._m$fromDiscriminant)));
    });

    return stream.listen(cb);
  }
}
